%!Adobe-FontList 1.20
%Locale:0x412

%BeginFont
Handler:DirectoryHandler
FontType:Invalid
OutlineFileName:E:\웹포폴만들기\서브웨이 웹\Font\NanumSquareB.eot
FileModTime:1539520210
%EndFont

%BeginFont
Handler:DirectoryHandler
FontType:TrueType
FontName:NanumSquareB
FamilyName:NanumSquare
StyleName:Bold
FullName:NanumSquare Bold
MenuName:나눔스퀘어 Bold
StyleBits:0
FamilyNameNative:나눔스퀘어
StyleNameNative:Bold
FullNameNative:나눔스퀘어 Bold
WritingScript:Korean
OutlineFileName:E:\웹포폴만들기\서브웨이 웹\Font\NanumSquareB.ttf
DataFormat:sfntData
hasSVG:no
VariableFontType:NonVariableFont
FileLength:733500
FileModTime:1539520210
WeightClass:700
WidthClass:5
AngleClass:0
NameArray:0,Mac,4,NanumSquare Bold
NameArray:3,Mac,4,나눔스퀘어 Bold
NameArray:0,Win,1,NanumSquare Bold
NameArray:0,Win,16,NanumSquare
NameArray:3,Win,1,나눔스퀘어 Bold
NameArray:3,Win,16,나눔스퀘어
%EndFont

%BeginFont
Handler:DirectoryHandler
FontType:Invalid
OutlineFileName:E:\웹포폴만들기\서브웨이 웹\Font\NanumSquareB.woff
FileModTime:1539520210
%EndFont

%BeginFont
Handler:DirectoryHandler
FontType:Invalid
OutlineFileName:E:\웹포폴만들기\서브웨이 웹\Font\NanumSquareEB.eot
FileModTime:1539520210
%EndFont

%BeginFont
Handler:DirectoryHandler
FontType:TrueType
FontName:NanumSquareEB
FamilyName:NanumSquare
StyleName:ExtraBold
FullName:NanumSquare ExtraBold
MenuName:나눔스퀘어 ExtraBold
StyleBits:0
FamilyNameNative:나눔스퀘어
StyleNameNative:ExtraBold
FullNameNative:나눔스퀘어 ExtraBold
WritingScript:Korean
OutlineFileName:E:\웹포폴만들기\서브웨이 웹\Font\NanumSquareEB.ttf
DataFormat:sfntData
hasSVG:no
VariableFontType:NonVariableFont
FileLength:726684
FileModTime:1539520210
WeightClass:800
WidthClass:5
AngleClass:0
NameArray:0,Mac,4,NanumSquare ExtraBold
NameArray:3,Mac,4,나눔스퀘어 ExtraBold
NameArray:0,Win,1,NanumSquare ExtraBold
NameArray:0,Win,16,NanumSquare
NameArray:3,Win,1,나눔스퀘어 ExtraBold
NameArray:3,Win,16,나눔스퀘어
%EndFont

%BeginFont
Handler:DirectoryHandler
FontType:Invalid
OutlineFileName:E:\웹포폴만들기\서브웨이 웹\Font\NanumSquareEB.woff
FileModTime:1539520210
%EndFont

%BeginFont
Handler:DirectoryHandler
FontType:Invalid
OutlineFileName:E:\웹포폴만들기\서브웨이 웹\Font\NanumSquareL.eot
FileModTime:1539520210
%EndFont

%BeginFont
Handler:DirectoryHandler
FontType:TrueType
FontName:NanumSquareL
FamilyName:NanumSquare
StyleName:Light
FullName:NanumSquare Light
MenuName:나눔스퀘어 Light
StyleBits:0
FamilyNameNative:나눔스퀘어
StyleNameNative:Light
FullNameNative:나눔스퀘어 Light
WritingScript:Korean
OutlineFileName:E:\웹포폴만들기\서브웨이 웹\Font\NanumSquareL.ttf
DataFormat:sfntData
hasSVG:no
VariableFontType:NonVariableFont
FileLength:750932
FileModTime:1539520210
WeightClass:300
WidthClass:5
AngleClass:0
NameArray:0,Mac,4,NanumSquare Light
NameArray:3,Mac,4,나눔스퀘어 Light
NameArray:0,Win,1,NanumSquare Light
NameArray:0,Win,16,NanumSquare
NameArray:3,Win,1,나눔스퀘어 Light
NameArray:3,Win,16,나눔스퀘어
%EndFont

%BeginFont
Handler:DirectoryHandler
FontType:Invalid
OutlineFileName:E:\웹포폴만들기\서브웨이 웹\Font\NanumSquareL.woff
FileModTime:1539520210
%EndFont

%BeginFont
Handler:DirectoryHandler
FontType:Invalid
OutlineFileName:E:\웹포폴만들기\서브웨이 웹\Font\NanumSquareR.eot
FileModTime:1539520210
%EndFont

%BeginFont
Handler:DirectoryHandler
FontType:TrueType
FontName:NanumSquareR
FamilyName:NanumSquare
StyleName:Regular
FullName:NanumSquare Regular
MenuName:나눔스퀘어
StyleBits:0
FamilyNameNative:나눔스퀘어
StyleNameNative:Regular
FullNameNative:나눔스퀘어 Regular
WritingScript:Korean
OutlineFileName:E:\웹포폴만들기\서브웨이 웹\Font\NanumSquareR.ttf
DataFormat:sfntData
hasSVG:no
VariableFontType:NonVariableFont
FileLength:723640
FileModTime:1539520210
WeightClass:400
WidthClass:5
AngleClass:0
NameArray:0,Mac,4,NanumSquare Regular
NameArray:3,Mac,4,나눔스퀘어 Regular
NameArray:3,Mac,18,나눔스퀘어
NameArray:0,Win,1,NanumSquare
NameArray:0,Win,16,NanumSquare
NameArray:3,Win,1,나눔스퀘어
NameArray:3,Win,16,나눔스퀘어
%EndFont

%BeginFont
Handler:DirectoryHandler
FontType:Invalid
OutlineFileName:E:\웹포폴만들기\서브웨이 웹\Font\NanumSquareR.woff
FileModTime:1539520210
%EndFont

